// Jest Snapshot v1, https://goo.gl/fbAQLP

exports[`SummitXV3Factory #createPool gas 1`] = `4729417`;

exports[`SummitXV3Factory factory bytecode size 1`] = `5151`;

exports[`SummitXV3Factory pool bytecode size 1`] = `22962`;
